---
source: rust/geometry/tests/geometry_correctness_harness.rs
assertion_line: 628
description: tests/models/buildingsmart/annex_e/advanced-geometric-shape/bath-csg-solid.ifc
---
parse_ok: true
products_attempted: 2
products_non_empty: 1
process_errors: 1
total_triangles: 128
total_vertices: 384
spike_triangles: 0
total_surface_area: 10.797
bbox_min: [0.000, 0.000, 0.000]
bbox_max: [2.000, 0.800, 0.800]
types_seen:
  IFCSANITARYTERMINAL: 1
